<?xml version="1.0" encoding="UTF-8"?>
<testsuites>
	<testsuite name="test_main.TestJSONLoaderMethods-20250925090837" tests="2" file="test_main.py" time="0.001" timestamp="2025-09-25T09:08:37" failures="0" errors="0" skipped="0">
		<testcase classname="test_main.TestJSONLoaderMethods" name="test_id" time="0.001" timestamp="2025-09-25T09:08:37" file="test_main.py" line="29"/>
		<testcase classname="test_main.TestJSONLoaderMethods" name="test_title" time="0.000" timestamp="2025-09-25T09:08:37" file="test_main.py" line="26"/>
	</testsuite>
</testsuites>
